class XmlProvider
    static member AsyncGetSample: () -> XmlProvider+Div async
    let f = new Func<_,_>(fun (t:TextReader) -> XmlElement.Create(t))
    TextRuntime.AsyncMap((IO.asyncReadTextAtRuntimeWithDesignTimeRules @"<RESOLUTION_FOLDER>" "" "XML" "HtmlBody.xml"), f)

    static member AsyncLoad: uri:string -> XmlProvider+Div async
    let f = new Func<_,_>(fun (t:TextReader) -> XmlElement.Create(t))
    TextRuntime.AsyncMap((IO.asyncReadTextAtRuntime false @"<RESOLUTION_FOLDER>" "" "XML" uri), f)

    static member GetSample: () -> XmlProvider+Div
    XmlElement.Create(FSharpAsync.RunSynchronously((IO.asyncReadTextAtRuntimeWithDesignTimeRules @"<RESOLUTION_FOLDER>" "" "XML" "HtmlBody.xml")))

    static member Load: stream:System.IO.Stream -> XmlProvider+Div
    XmlElement.Create(((new StreamReader(stream)) :> TextReader))

    static member Load: reader:System.IO.TextReader -> XmlProvider+Div
    XmlElement.Create(reader)

    static member Load: uri:string -> XmlProvider+Div
    XmlElement.Create(FSharpAsync.RunSynchronously((IO.asyncReadTextAtRuntime false @"<RESOLUTION_FOLDER>" "" "XML" uri)))

    static member Parse: text:string -> XmlProvider+Div
    XmlElement.Create(((new StringReader(text)) :> TextReader))


class XmlProvider+Div : FDR.XmlElement
    new : id:string -> divs:XmlProvider+Div2[] -> span:string -> XmlProvider+Div
    XmlRuntime.CreateElement("div", 
                             [| ("id",
                                 (id :> obj)) |], 
                             [| ("div",
                                 (divs :> obj))
                                ("span",
                                 (span :> obj)) |])

    new : xElement:System.Xml.Linq.XElement -> XmlProvider+Div
    XmlElement.Create(xElement)

    member Divs: XmlProvider+Div2[] with get
    XmlRuntime.ConvertArray(this, "div", new Func<_,_>(id)))

    member Id: string with get
    let value = XmlRuntime.TryGetAttribute(this, "id")
    TextRuntime.GetNonOptionalValue("Attribute id", TextRuntime.ConvertString(value), value)

    member Span: string with get
    let value = XmlRuntime.TryGetValue(XmlRuntime.GetChild(this, "span"))
    TextRuntime.GetNonOptionalValue("Value", TextRuntime.ConvertString(value), value)


class XmlProvider+Div2 : FDR.XmlElement
    new : id:string -> div:string option -> spans:string[] -> XmlProvider+Div2
    XmlRuntime.CreateElement("div", 
                             [| ("id",
                                 (id :> obj)) |], 
                             [| ("div",
                                 (div :> obj))
                                ("span",
                                 (spans :> obj)) |])

    new : xElement:System.Xml.Linq.XElement -> XmlProvider+Div2
    XmlElement.Create(xElement)

    member Div: string option with get
    XmlRuntime.ConvertOptional(this, "div", new Func<_,_>(fun (t:XmlElement) -> 
                                                             let value = XmlRuntime.TryGetValue(t)
                                                             TextRuntime.GetNonOptionalValue("Value", TextRuntime.ConvertString(value), value)))

    member Id: string with get
    let value = XmlRuntime.TryGetAttribute(this, "id")
    TextRuntime.GetNonOptionalValue("Attribute id", TextRuntime.ConvertString(value), value)

    member Spans: string[] with get
    XmlRuntime.ConvertArray(this, "span", new Func<_,_>(fun (t:XmlElement) -> 
                                                           let value = XmlRuntime.TryGetValue(t)
                                                           TextRuntime.GetNonOptionalValue("Value", TextRuntime.ConvertString(value), value)))


